// Jest Snapshot v1, https://goo.gl/fbAQLP

exports[`<App /> renders <App /> 1`] = `
<div
  className="App__container"
>
  <div
    className="App__comments-heading"
  />
  <div
    className="App__comments-body"
  >
    <div
      className="App__artist-container"
    />
    <div
      className="App__comments-container"
    />
  </div>
</div>
`;
